#-----------------------------------------------------------
# Vivado v2015.4 (64-bit)
# SW Build 1412921 on Wed Nov 18 09:43:45 MST 2015
# IP Build 1412160 on Tue Nov 17 13:47:24 MST 2015
# Start of session at: Mon Jun 11 10:36:58 2018
# Process ID: 9612
# Current directory: F:/hard_files/MYiR_ZYNQ/Z-TURN_V12_20171030/05-ProgrammableLogic_Source/7Z020/mys-xc7z020-trd/mys-xc7z020-trd
# Command line: vivado.exe -gui_launcher_event rodinguilauncherevent18396 F:\hard_files\MYiR_ZYNQ\Z-TURN_V12_20171030\05-ProgrammableLogic_Source\7Z020\mys-xc7z020-trd\mys-xc7z020-trd\mys-xc7z020-trd.xpr
# Log file: F:/hard_files/MYiR_ZYNQ/Z-TURN_V12_20171030/05-ProgrammableLogic_Source/7Z020/mys-xc7z020-trd/mys-xc7z020-trd/vivado.log
# Journal file: F:/hard_files/MYiR_ZYNQ/Z-TURN_V12_20171030/05-ProgrammableLogic_Source/7Z020/mys-xc7z020-trd/mys-xc7z020-trd\vivado.jou
#-----------------------------------------------------------
start_gui
open_project F:/hard_files/MYiR_ZYNQ/Z-TURN_V12_20171030/05-ProgrammableLogic_Source/7Z020/mys-xc7z020-trd/mys-xc7z020-trd/mys-xc7z020-trd.xpr
open_hw
connect_hw_server
open_hw_target
set_property PROGRAM.FILE {F:/hard_files/MYiR_ZYNQ/Z-TURN_V12_20171030/05-ProgrammableLogic_Source/7Z020/mys-xc7z020-trd/mys-xc7z020-trd/mys-xc7z020-trd.runs/impl_1/design_1_wrapper.bit} [lindex [get_hw_devices] 1]
current_hw_device [lindex [get_hw_devices] 1]
refresh_hw_device -update_hw_probes false [lindex [get_hw_devices] 1]
set_property PROBES.FILE {} [lindex [get_hw_devices] 1]
set_property PROGRAM.FILE {F:/hard_files/MYiR_ZYNQ/Z-TURN_V12_20171030/05-ProgrammableLogic_Source/7Z020/mys-xc7z020-trd/mys-xc7z020-trd/mys-xc7z020-trd.runs/impl_1/design_1_wrapper.bit} [lindex [get_hw_devices] 1]
program_hw_devices [lindex [get_hw_devices] 1]
refresh_hw_device [lindex [get_hw_devices] 1]
